[32m2026-05-25 16:12:17 +0500[0m - dagster - [34mDEBUG[0m - __ASSET_JOB - 1499c675-746c-452f-a874-f3b01758d218 - 33396 - LOGS_CAPTURED - Capturing logs for process (pid: 33396).
[32m2026-05-25 16:12:17 +0500[0m - dagster - [34mDEBUG[0m - __ASSET_JOB - 1499c675-746c-452f-a874-f3b01758d218 - 33396 - silver_tiger_counties_check_all_years_present - STEP_START - Started execution of step "silver_tiger_counties_check_all_years_present".
[32m2026-05-25 16:12:17 +0500[0m - dagster - [34mERROR[0m - [31m__ASSET_JOB - 1499c675-746c-452f-a874-f3b01758d218 - 33396 - silver_tiger_counties_check_all_years_present - STEP_FAILURE - Execution of step "silver_tiger_counties_check_all_years_present" failed.

dagster._core.errors.DagsterUnknownResourceError: Unknown resource `athena`. Specify `athena` as a required resource on the compute / config function that accessed it.

Stack Trace:
  File "/Users/narimanb/de-portfolio-projects/population-demographics-pipeline/dagster-orch/.venv/lib/python3.13/site-packages/dagster/_core/execution/plan/execute_plan.py", line 247, in dagster_event_sequence_for_step
    yield from check.generator(step_events)
  File "/Users/narimanb/de-portfolio-projects/population-demographics-pipeline/dagster-orch/.venv/lib/python3.13/site-packages/dagster/_core/execution/plan/execute_step.py", line 505, in core_dagster_event_sequence_for_step
    for user_event in _step_output_error_checked_user_event_sequence(
                      ~~~~~~~~~~~~~~~~~~~~~~~~~~~~~~~~~~~~~~~~~~~~~~^
        step_context,
        ^^^^^^^^^^^^^
        _process_asset_results_to_events(step_context, user_event_sequence),
        ^^^^^^^^^^^^^^^^^^^^^^^^^^^^^^^^^^^^^^^^^^^^^^^^^^^^^^^^^^^^^^^^^^^^
    ):
    ^
  File "/Users/narimanb/de-portfolio-projects/population-demographics-pipeline/dagster-orch/.venv/lib/python3.13/site-packages/dagster/_core/execution/plan/execute_step.py", line 184, in _step_output_error_checked_user_event_sequence
    for user_event in user_event_sequence:
                      ^^^^^^^^^^^^^^^^^^^
  File "/Users/narimanb/de-portfolio-projects/population-demographics-pipeline/dagster-orch/.venv/lib/python3.13/site-packages/dagster/_core/execution/plan/execute_step.py", line 88, in _process_asset_results_to_events
    for user_event in user_event_sequence:
                      ^^^^^^^^^^^^^^^^^^^
  File "/Users/narimanb/de-portfolio-projects/population-demographics-pipeline/dagster-orch/.venv/lib/python3.13/site-packages/dagster/_core/execution/plan/compute.py", line 188, in execute_core_compute
    for step_output in _yield_compute_results(step_context, inputs, compute_fn, compute_context):
                       ~~~~~~~~~~~~~~~~~~~~~~^^^^^^^^^^^^^^^^^^^^^^^^^^^^^^^^^^^^^^^^^^^^^^^^^^^
  File "/Users/narimanb/de-portfolio-projects/population-demographics-pipeline/dagster-orch/.venv/lib/python3.13/site-packages/dagster/_core/execution/plan/compute.py", line 157, in _yield_compute_results
    for event in iterate_with_context(
                 ~~~~~~~~~~~~~~~~~~~~^
        lambda: op_execution_error_boundary(
        ^^^^^^^^^^^^^^^^^^^^^^^^^^^^^^^^^^^^
    ...<7 lines>...
        user_event_generator,
        ^^^^^^^^^^^^^^^^^^^^^
    ):
    ^
  File "/Users/narimanb/de-portfolio-projects/population-demographics-pipeline/dagster-orch/.venv/lib/python3.13/site-packages/dagster/_utils/__init__.py", line 394, in iterate_with_context
    next_output = next(iterator)
  File "/Users/narimanb/de-portfolio-projects/population-demographics-pipeline/dagster-orch/.venv/lib/python3.13/site-packages/dagster/_core/execution/plan/compute_generator.py", line 135, in _coerce_op_compute_fn_to_iterator
    result = invoke_compute_fn(
        fn, context, kwargs, context_arg_provided, config_arg_class, resource_arg_mapping
    )
  File "/Users/narimanb/de-portfolio-projects/population-demographics-pipeline/dagster-orch/.venv/lib/python3.13/site-packages/dagster/_core/execution/plan/compute_generator.py", line 115, in invoke_compute_fn
    return fn(context, **args_to_pass) if context_arg_provided else fn(**args_to_pass)
           ~~^^^^^^^^^^^^^^^^^^^^^^^^^
  File "/Users/narimanb/de-portfolio-projects/population-demographics-pipeline/dagster-orch/src/dagster_orch/defs/census_api/silver/tiger/checks.py", line 212, in check_silver_tiger_counties_all_years_present
    athena = context.resources.athena
             ^^^^^^^^^^^^^^^^^^^^^^^^
  File "/Users/narimanb/de-portfolio-projects/population-demographics-pipeline/dagster-orch/.venv/lib/python3.13/site-packages/dagster/_core/definitions/scoped_resources_builder.py", line 30, in __getattr__
    raise DagsterUnknownResourceError(name)
[0m
