[32m2026-05-25 16:42:18 +0500[0m - dagster - [34mDEBUG[0m - __ASSET_JOB - ccc4cf16-f0f7-4881-b3ff-810987ee9d13 - 51295 - LOGS_CAPTURED - Capturing logs for process (pid: 51295).
[32m2026-05-25 16:42:18 +0500[0m - dagster - [34mDEBUG[0m - __ASSET_JOB - ccc4cf16-f0f7-4881-b3ff-810987ee9d13 - 51295 - silver_tiger_counties_check_row_counts_per_year - STEP_START - Started execution of step "silver_tiger_counties_check_row_counts_per_year".
[32m2026-05-25 16:42:25 +0500[0m - dagster - [34mERROR[0m - [31m__ASSET_JOB - ccc4cf16-f0f7-4881-b3ff-810987ee9d13 - 51295 - silver_tiger_counties_check_row_counts_per_year - STEP_FAILURE - Execution of step "silver_tiger_counties_check_row_counts_per_year" failed.

dagster._core.errors.DagsterExecutionStepExecutionError: Error occurred while executing op "silver_tiger_counties_check_row_counts_per_year"::

TypeError: '<' not supported between instances of 'str' and 'int'

Stack Trace:
  File "/Users/narimanb/de-portfolio-projects/population-demographics-pipeline/dagster-orch/.venv/lib/python3.13/site-packages/dagster/_core/execution/plan/utils.py", line 57, in op_execution_error_boundary
    yield
  File "/Users/narimanb/de-portfolio-projects/population-demographics-pipeline/dagster-orch/.venv/lib/python3.13/site-packages/dagster/_utils/__init__.py", line 394, in iterate_with_context
    next_output = next(iterator)
  File "/Users/narimanb/de-portfolio-projects/population-demographics-pipeline/dagster-orch/.venv/lib/python3.13/site-packages/dagster/_core/execution/plan/compute_generator.py", line 135, in _coerce_op_compute_fn_to_iterator
    result = invoke_compute_fn(
        fn, context, kwargs, context_arg_provided, config_arg_class, resource_arg_mapping
    )
  File "/Users/narimanb/de-portfolio-projects/population-demographics-pipeline/dagster-orch/.venv/lib/python3.13/site-packages/dagster/_core/execution/plan/compute_generator.py", line 115, in invoke_compute_fn
    return fn(context, **args_to_pass) if context_arg_provided else fn(**args_to_pass)
           ~~^^^^^^^^^^^^^^^^^^^^^^^^^
  File "/Users/narimanb/de-portfolio-projects/population-demographics-pipeline/dagster-orch/src/dagster_orch/defs/census_api/silver/tiger/checks.py", line 49, in check_silver_tiger_counties_row_count
    failed = {r["survey_year"]: r["row_count"] for r in result if r["row_count"] < APPROX_COUNTY_COUNT_MIN_TIGER}
                                                                  ^^^^^^^^^^^^^^^^^^^^^^^^^^^^^^^^^^^^^^^^^^^^^^
[0m
