[32m2026-05-25 16:42:18 +0500[0m - dagster - [34mDEBUG[0m - __ASSET_JOB - ccc4cf16-f0f7-4881-b3ff-810987ee9d13 - 51292 - LOGS_CAPTURED - Capturing logs for process (pid: 51292).
[32m2026-05-25 16:42:18 +0500[0m - dagster - [34mDEBUG[0m - __ASSET_JOB - ccc4cf16-f0f7-4881-b3ff-810987ee9d13 - 51292 - silver_tiger_counties_check_all_years_present - STEP_START - Started execution of step "silver_tiger_counties_check_all_years_present".
[32m2026-05-25 16:42:25 +0500[0m - dagster - [34mERROR[0m - [31m__ASSET_JOB - ccc4cf16-f0f7-4881-b3ff-810987ee9d13 - 51292 - silver_tiger_counties_check_all_years_present - STEP_FAILURE - Execution of step "silver_tiger_counties_check_all_years_present" failed.

dagster._core.errors.DagsterExecutionStepExecutionError: Error occurred while executing op "silver_tiger_counties_check_all_years_present"::

TypeError: unsupported operand type(s) for -: 'int' and 'str'

Stack Trace:
  File "/Users/narimanb/de-portfolio-projects/population-demographics-pipeline/dagster-orch/.venv/lib/python3.13/site-packages/dagster/_core/execution/plan/utils.py", line 57, in op_execution_error_boundary
    yield
  File "/Users/narimanb/de-portfolio-projects/population-demographics-pipeline/dagster-orch/.venv/lib/python3.13/site-packages/dagster/_utils/__init__.py", line 394, in iterate_with_context
    next_output = next(iterator)
  File "/Users/narimanb/de-portfolio-projects/population-demographics-pipeline/dagster-orch/.venv/lib/python3.13/site-packages/dagster/_core/execution/plan/compute_generator.py", line 135, in _coerce_op_compute_fn_to_iterator
    result = invoke_compute_fn(
        fn, context, kwargs, context_arg_provided, config_arg_class, resource_arg_mapping
    )
  File "/Users/narimanb/de-portfolio-projects/population-demographics-pipeline/dagster-orch/.venv/lib/python3.13/site-packages/dagster/_core/execution/plan/compute_generator.py", line 115, in invoke_compute_fn
    return fn(context, **args_to_pass) if context_arg_provided else fn(**args_to_pass)
           ~~^^^^^^^^^^^^^^^^^^^^^^^^^
  File "/Users/narimanb/de-portfolio-projects/population-demographics-pipeline/dagster-orch/src/dagster_orch/defs/census_api/silver/tiger/checks.py", line 213, in check_silver_tiger_counties_all_years_present
    metadata={"year_count": year_count, "expected": 13, "missing": max(0, 13 - year_count)},
                                                                          ~~~^~~~~~~~~~~~
[0m
