[32m2026-05-25 15:38:23 +0500[0m - dagster - [34mDEBUG[0m - __ASSET_JOB - 3dda1aea-7457-4ecc-8061-571cdc62ad6b - 14981 - LOGS_CAPTURED - Capturing logs for process (pid: 14981).
[32m2026-05-25 15:38:23 +0500[0m - dagster - [34mDEBUG[0m - __ASSET_JOB - 3dda1aea-7457-4ecc-8061-571cdc62ad6b - 14981 - silver_irs_state_outflows_check_silver_irs_state_outflows_no_aggregates - STEP_START - Started execution of step "silver_irs_state_outflows_check_silver_irs_state_outflows_no_aggregates".
[32m2026-05-25 15:38:32 +0500[0m - dagster - [34mERROR[0m - [31m__ASSET_JOB - 3dda1aea-7457-4ecc-8061-571cdc62ad6b - 14981 - silver_irs_state_outflows_check_silver_irs_state_outflows_no_aggregates - STEP_FAILURE - Execution of step "silver_irs_state_outflows_check_silver_irs_state_outflows_no_aggregates" failed.

dagster._core.errors.DagsterExecutionStepExecutionError: Error occurred while executing op "silver_irs_state_outflows_check_silver_irs_state_outflows_no_aggregates"::

TypeError: 'NoneType' object is not subscriptable

Stack Trace:
  File "/Users/narimanb/de-portfolio-projects/population-demographics-pipeline/dagster-orch/.venv/lib/python3.13/site-packages/dagster/_core/execution/plan/utils.py", line 57, in op_execution_error_boundary
    yield
  File "/Users/narimanb/de-portfolio-projects/population-demographics-pipeline/dagster-orch/.venv/lib/python3.13/site-packages/dagster/_utils/__init__.py", line 394, in iterate_with_context
    next_output = next(iterator)
  File "/Users/narimanb/de-portfolio-projects/population-demographics-pipeline/dagster-orch/.venv/lib/python3.13/site-packages/dagster/_core/execution/plan/compute_generator.py", line 135, in _coerce_op_compute_fn_to_iterator
    result = invoke_compute_fn(
        fn, context, kwargs, context_arg_provided, config_arg_class, resource_arg_mapping
    )
  File "/Users/narimanb/de-portfolio-projects/population-demographics-pipeline/dagster-orch/.venv/lib/python3.13/site-packages/dagster/_core/execution/plan/compute_generator.py", line 115, in invoke_compute_fn
    return fn(context, **args_to_pass) if context_arg_provided else fn(**args_to_pass)
           ~~^^^^^^^^^^^^^^^^^^^^^^^^^
  File "/Users/narimanb/de-portfolio-projects/population-demographics-pipeline/dagster-orch/src/dagster_orch/defs/census_api/silver/irs/checks.py", line 16, in check_silver_irs_state_outflows_no_aggregates
    count = result[0]["cnt"]
            ~~~~~~^^^
[0m
