[32m2026-05-25 15:38:48 +0500[0m - dagster - [34mDEBUG[0m - __ASSET_JOB - b1185a14-b755-42b3-b10d-5407a757ebcd - 15032 - LOGS_CAPTURED - Capturing logs for process (pid: 15032).
[32m2026-05-25 15:38:48 +0500[0m - dagster - [34mDEBUG[0m - __ASSET_JOB - b1185a14-b755-42b3-b10d-5407a757ebcd - 15032 - silver_irs_county_outflows_check_silver_irs_county_outflows_no_suppressed - STEP_START - Started execution of step "silver_irs_county_outflows_check_silver_irs_county_outflows_no_suppressed".
[32m2026-05-25 15:38:56 +0500[0m - dagster - [34mERROR[0m - [31m__ASSET_JOB - b1185a14-b755-42b3-b10d-5407a757ebcd - 15032 - silver_irs_county_outflows_check_silver_irs_county_outflows_no_suppressed - STEP_FAILURE - Execution of step "silver_irs_county_outflows_check_silver_irs_county_outflows_no_suppressed" failed.

dagster._core.errors.DagsterExecutionStepExecutionError: Error occurred while executing op "silver_irs_county_outflows_check_silver_irs_county_outflows_no_suppressed"::

TypeError: 'NoneType' object is not subscriptable

Stack Trace:
  File "/Users/narimanb/de-portfolio-projects/population-demographics-pipeline/dagster-orch/.venv/lib/python3.13/site-packages/dagster/_core/execution/plan/utils.py", line 57, in op_execution_error_boundary
    yield
  File "/Users/narimanb/de-portfolio-projects/population-demographics-pipeline/dagster-orch/.venv/lib/python3.13/site-packages/dagster/_utils/__init__.py", line 394, in iterate_with_context
    next_output = next(iterator)
  File "/Users/narimanb/de-portfolio-projects/population-demographics-pipeline/dagster-orch/.venv/lib/python3.13/site-packages/dagster/_core/execution/plan/compute_generator.py", line 135, in _coerce_op_compute_fn_to_iterator
    result = invoke_compute_fn(
        fn, context, kwargs, context_arg_provided, config_arg_class, resource_arg_mapping
    )
  File "/Users/narimanb/de-portfolio-projects/population-demographics-pipeline/dagster-orch/.venv/lib/python3.13/site-packages/dagster/_core/execution/plan/compute_generator.py", line 115, in invoke_compute_fn
    return fn(context, **args_to_pass) if context_arg_provided else fn(**args_to_pass)
           ~~^^^^^^^^^^^^^^^^^^^^^^^^^
  File "/Users/narimanb/de-portfolio-projects/population-demographics-pipeline/dagster-orch/src/dagster_orch/defs/census_api/silver/irs/checks.py", line 100, in check_silver_irs_county_outflows_no_suppressed
    count = result[0]["cnt"]
            ~~~~~~^^^
[0m
